// Jest Snapshot v1, https://goo.gl/fbAQLP

exports[`joinStrings function renders all possible strings correctly 1`] = `
[
  [
    "user",
    "user_D",
    "user_D_private",
    "user_D_private_ongoing",
    "user_D_private_ongoing_event",
    "user_D_private_ongoing_event_active",
    "user_D_private_ongoing_event_active_punctual",
    "D",
    "D_private",
    "D_private_ongoing",
    "D_private_ongoing_event",
    "D_private_ongoing_event_active",
    "D_private_ongoing_event_active_punctual",
    "private",
    "private_ongoing",
    "private_ongoing_event",
    "private_ongoing_event_active",
    "private_ongoing_event_active_punctual",
    "ongoing",
    "ongoing_event",
    "ongoing_event_active",
    "ongoing_event_active_punctual",
    "event",
    "event_active",
    "event_active_punctual",
    "active",
    "active_punctual",
    "punctual",
  ],
  [
    "admin",
    "admin_S",
    "admin_S_public",
    "admin_S_public_done",
    "admin_S_public_done_class",
    "admin_S_public_done_class_archive",
    "admin_S_public_done_class_archive_overdue",
    "S",
    "S_public",
    "S_public_done",
    "S_public_done_class",
    "S_public_done_class_archive",
    "S_public_done_class_archive_overdue",
    "public",
    "public_done",
    "public_done_class",
    "public_done_class_archive",
    "public_done_class_archive_overdue",
    "done",
    "done_class",
    "done_class_archive",
    "done_class_archive_overdue",
    "class",
    "class_archive",
    "class_archive_overdue",
    "archive",
    "archive_overdue",
    "overdue",
  ],
]
`;
